ERC report (2026-09-19T15:30:30, Encoding UTF8)
Report includes: Errors, Warnings

***** Sheet /
[pin_to_pin]: Pins of type Power output and Power output are connected
    ; error
    @(227.33 mm, 113.665 mm): Symbol J_USB1 Pin 5 [GND, Power output, Line]
    @(152.40 mm, 41.91 mm): Symbol U1 Pin 3 [-Vout, Power output, Line]
[endpoint_off_grid]: Symbol pin or wire end off connection grid
    ; warning
    @(19.685 mm, 134.62 mm): Symbol C4 Pin 1 [~, Passive, Line]
[lib_symbol_mismatch]: Symbol 'C' doesn't match copy in library 'Device'
    ; warning
    @(19.685 mm, 138.43 mm): Symbol C4 [C]
[endpoint_off_grid]: Symbol pin or wire end off connection grid
    ; warning
    @(33.655 mm, 141.605 mm): Symbol U2 Pin 1 [GND, Power input, Line]
[endpoint_off_grid]: Symbol pin or wire end off connection grid
    ; warning
    @(41.275 mm, 44.45 mm): Symbol J1 Pin 1 [Pin_1, Passive, Line]
[endpoint_off_grid]: Symbol pin or wire end off connection grid
    ; warning
    @(43.18 mm, 168.275 mm): Symbol J2 Pin 1 [Pin_1, Passive, Line]
[lib_symbol_mismatch]: Symbol 'Screw_Terminal_01x03' doesn't match copy in library 'Connector'
    ; warning
    @(46.355 mm, 46.99 mm): Symbol J1 [Screw_Terminal_01x03]
[lib_symbol_mismatch]: Symbol 'Conn_01x03' doesn't match copy in library 'Connector_Generic'
    ; warning
    @(48.26 mm, 170.815 mm): Symbol J2 [Conn_01x03]
[endpoint_off_grid]: Symbol pin or wire end off connection grid
    ; warning
    @(52.705 mm, 130.175 mm): Symbol C5 Pin 1 [~, Passive, Line]
[lib_symbol_mismatch]: Symbol 'C' doesn't match copy in library 'Device'
    ; warning
    @(52.705 mm, 133.985 mm): Symbol C5 [C]
[lib_symbol_mismatch]: Symbol 'Fuse' doesn't match copy in library 'Device'
    ; warning
    @(58.42 mm, 43.18 mm): Symbol F1 [Fuse]
[endpoint_off_grid]: Symbol pin or wire end off connection grid
    ; warning
    @(62.865 mm, 130.175 mm): Symbol C6 Pin 1 [~, Passive, Line]
[lib_symbol_mismatch]: Symbol 'C' doesn't match copy in library 'Device'
    ; warning
    @(62.865 mm, 133.985 mm): Symbol C6 [C]
[endpoint_off_grid]: Symbol pin or wire end off connection grid
    ; warning
    @(69.215 mm, 144.145 mm): Symbol LED2 Pin 1 [K, Passive, Line]
[endpoint_off_grid]: Symbol pin or wire end off connection grid
    ; warning
    @(73.025 mm, 123.825 mm): Symbol R2 Pin 1 [~, Passive, Line]
[lib_symbol_mismatch]: Symbol 'R' doesn't match copy in library 'Device'
    ; warning
    @(73.025 mm, 127.635 mm): Symbol R2 [R]
[lib_symbol_mismatch]: Symbol 'LED' doesn't match copy in library 'Device'
    ; warning
    @(73.025 mm, 144.145 mm): Symbol LED2 [LED]
[lib_symbol_mismatch]: Symbol 'PWR_FLAG' doesn't match copy in library 'power'
    ; warning
    @(77.47 mm, 31.75 mm): Symbol #PWR01 [PWR_FLAG]
[lib_symbol_mismatch]: Symbol 'Thermistor_NTC' doesn't match copy in library 'Device'
    ; warning
    @(77.47 mm, 43.18 mm): Symbol RT1 [Thermistor_NTC]
[endpoint_off_grid]: Symbol pin or wire end off connection grid
    ; warning
    @(77.47 mm, 50.165 mm): Vertical Wire, length 3.175 mm
[endpoint_off_grid]: Symbol pin or wire end off connection grid
    ; warning
    @(77.47 mm, 52.705 mm): Vertical Wire, length 2.54 mm
[endpoint_off_grid]: Symbol pin or wire end off connection grid
    ; warning
    @(77.47 mm, 55.245 mm): Symbol RV1 Pin 1 [~, Passive, Line]
[lib_symbol_mismatch]: Symbol 'Varistor' doesn't match copy in library 'Device'
    ; warning
    @(77.47 mm, 59.055 mm): Symbol RV1 [Varistor]
[endpoint_off_grid]: Symbol pin or wire end off connection grid
    ; warning
    @(77.47 mm, 66.675 mm): Vertical Wire, length 3.81 mm
[lib_symbol_mismatch]: Symbol 'PWR_FLAG' doesn't match copy in library 'power'
    ; warning
    @(97.79 mm, 31.75 mm): Symbol #PWR02 [PWR_FLAG]
[endpoint_off_grid]: Symbol pin or wire end off connection grid
    ; warning
    @(97.79 mm, 34.925 mm): Vertical Wire, length 3.175 mm
[endpoint_off_grid]: Symbol pin or wire end off connection grid
    ; warning
    @(100.33 mm, 43.815 mm): Vertical Wire, length 3.175 mm
[lib_symbol_mismatch]: Symbol 'C' doesn't match copy in library 'Device'
    ; warning
    @(100.33 mm, 50.80 mm): Symbol C1 [C]
[endpoint_off_grid]: Symbol pin or wire end off connection grid
    ; warning
    @(102.235 mm, 121.285 mm): Symbol SW1 Pin 1 [1, Passive, Line]
[lib_symbol_mismatch]: Symbol 'SW_Push' doesn't match copy in library 'Switch'
    ; warning
    @(107.315 mm, 121.285 mm): Symbol SW1 [SW_Push]
[endpoint_off_grid]: Symbol pin or wire end off connection grid
    ; warning
    @(111.125 mm, 121.285 mm): Horizontal Wire, length 1.27 mm
[endpoint_off_grid]: Symbol pin or wire end off connection grid
    ; warning
    @(112.395 mm, 121.285 mm): Horizontal Wire, length 14.605 mm
[endpoint_off_grid]: Symbol pin or wire end off connection grid
    ; warning
    @(123.825 mm, 90.805 mm): Horizontal Wire, length 3.175 mm
[endpoint_off_grid]: Symbol pin or wire end off connection grid
    ; warning
    @(124.46 mm, 106.045 mm): Horizontal Wire, length 2.54 mm
[endpoint_off_grid]: Symbol pin or wire end off connection grid
    ; warning
    @(125.095 mm, 123.825 mm): Horizontal Wire, length 1.905 mm
[unconnected_wire_endpoint]: Unconnected wire endpoint
    ; warning
    @(125.095 mm, 123.825 mm): Horizontal Wire, length 1.905 mm
[endpoint_off_grid]: Symbol pin or wire end off connection grid
    ; warning
    @(125.73 mm, 118.745 mm): Horizontal Wire, length 1.27 mm
[pin_to_pin]: Pins of type Bidirectional and Power output are connected
    ; warning
    @(127.00 mm, 121.285 mm): Symbol U3 Pin 10 [IO10, Bidirectional, Line]
    @(152.40 mm, 41.91 mm): Symbol U1 Pin 3 [-Vout, Power output, Line]
[endpoint_off_grid]: Symbol pin or wire end off connection grid
    ; warning
    @(127.00 mm, 123.825 mm): Horizontal Wire, length 6.35 mm
[endpoint_off_grid]: Symbol pin or wire end off connection grid
    ; warning
    @(127.00 mm, 126.365 mm): Horizontal Wire, length 6.35 mm
[lib_symbol_mismatch]: Symbol 'HLK-5M05' doesn't match copy in library 'Converter_ACDC'
    ; warning
    @(142.24 mm, 39.37 mm): Symbol U1 [HLK-5M05]
[endpoint_off_grid]: Symbol pin or wire end off connection grid
    ; warning
    @(142.24 mm, 85.725 mm): Symbol U3 Pin 1 [3V3, Power input, Line]
[endpoint_off_grid]: Symbol pin or wire end off connection grid
    ; warning
    @(145.415 mm, 85.725 mm): Horizontal Wire, length 3.175 mm
[endpoint_off_grid]: Symbol pin or wire end off connection grid
    ; warning
    @(165.10 mm, 88.265 mm): Horizontal Wire, length 5.08 mm
[endpoint_off_grid]: Symbol pin or wire end off connection grid
    ; warning
    @(165.10 mm, 88.265 mm): Vertical Wire, length 0.635 mm
[lib_symbol_mismatch]: Symbol 'R' doesn't match copy in library 'Device'
    ; warning
    @(165.10 mm, 92.71 mm): Symbol R4 [R]
[lib_symbol_mismatch]: Symbol 'R' doesn't match copy in library 'Device'
    ; warning
    @(165.10 mm, 110.49 mm): Symbol R3 [R]
[lib_symbol_mismatch]: Symbol 'C' doesn't match copy in library 'Device'
    ; warning
    @(165.10 mm, 124.46 mm): Symbol C7 [C]
[endpoint_off_grid]: Symbol pin or wire end off connection grid
    ; warning
    @(165.10 mm, 132.715 mm): Vertical Wire, length 4.445 mm
[endpoint_off_grid]: Symbol pin or wire end off connection grid
    ; warning
    @(180.975 mm, 87.63 mm): Symbol C8 Pin 1 [~, Passive, Line]
[endpoint_off_grid]: Symbol pin or wire end off connection grid
    ; warning
    @(190.50 mm, 87.63 mm): Horizontal Wire, length 9.525 mm
[lib_symbol_mismatch]: Symbol 'C' doesn't match copy in library 'Device'
    ; warning
    @(180.975 mm, 91.44 mm): Symbol C8 [C]
[endpoint_off_grid]: Symbol pin or wire end off connection grid
    ; warning
    @(189.23 mm, 95.25 mm): Horizontal Wire, length 8.255 mm
[endpoint_off_grid]: Symbol pin or wire end off connection grid
    ; warning
    @(180.975 mm, 98.425 mm): Symbol C9 Pin 1 [~, Passive, Line]
[lib_symbol_mismatch]: Symbol 'C' doesn't match copy in library 'Device'
    ; warning
    @(180.975 mm, 102.235 mm): Symbol C9 [C]
[endpoint_off_grid]: Symbol pin or wire end off connection grid
    ; warning
    @(180.975 mm, 107.315 mm): Vertical Wire, length 1.27 mm
[endpoint_off_grid]: Symbol pin or wire end off connection grid
    ; warning
    @(183.515 mm, 113.665 mm): Symbol SW2 Pin 1 [1, Passive, Line]
[lib_symbol_mismatch]: Symbol 'SW_Push' doesn't match copy in library 'Switch'
    ; warning
    @(188.595 mm, 113.665 mm): Symbol SW2 [SW_Push]
[endpoint_off_grid]: Symbol pin or wire end off connection grid
    ; warning
    @(189.23 mm, 98.425 mm): Horizontal Wire, length 8.255 mm
[endpoint_off_grid]: Symbol pin or wire end off connection grid
    ; warning
    @(189.23 mm, 107.315 mm): Horizontal Wire, length 8.255 mm
[lib_symbol_mismatch]: Symbol 'C_Polarized' doesn't match copy in library 'Device'
    ; warning
    @(193.04 mm, 41.91 mm): Symbol C2 [C_Polarized]
[lib_symbol_mismatch]: Symbol 'C' doesn't match copy in library 'Device'
    ; warning
    @(207.01 mm, 41.91 mm): Symbol C3 [C]
[lib_symbol_mismatch]: Symbol 'D_Schottky' doesn't match copy in library 'Device'
    ; warning
    @(222.25 mm, 41.91 mm): Symbol D1 [D_Schottky]
[lib_symbol_mismatch]: Symbol 'D_Schottky' doesn't match copy in library 'Device'
    ; warning
    @(222.25 mm, 80.01 mm): Symbol D2 [D_Schottky]
[lib_symbol_mismatch]: Symbol 'USB_B_Micro' doesn't match copy in library 'Connector'
    ; warning
    @(227.33 mm, 103.505 mm): Symbol J_USB1 [USB_B_Micro]
[lib_symbol_mismatch]: Symbol 'MountingHole_Pad' doesn't match copy in library 'Mechanical'
    ; warning
    @(227.33 mm, 150.495 mm): Symbol H2 [MountingHole_Pad]
[endpoint_off_grid]: Symbol pin or wire end off connection grid
    ; warning
    @(227.33 mm, 153.035 mm): Symbol H2 Pin 1 [1, Input, Line]
[endpoint_off_grid]: Symbol pin or wire end off connection grid
    ; warning
    @(234.95 mm, 98.425 mm): Symbol J_USB1 Pin 1 [VBUS, Power output, Line]
[endpoint_off_grid]: Symbol pin or wire end off connection grid
    ; warning
    @(234.95 mm, 98.425 mm): Horizontal Wire, length 6.35 mm
[endpoint_off_grid]: Symbol pin or wire end off connection grid
    ; warning
    @(234.95 mm, 103.505 mm): Horizontal Wire, length 6.35 mm
[endpoint_off_grid]: Symbol pin or wire end off connection grid
    ; warning
    @(234.95 mm, 106.045 mm): Horizontal Wire, length 6.35 mm
[lib_symbol_mismatch]: Symbol 'R' doesn't match copy in library 'Device'
    ; warning
    @(237.49 mm, 35.56 mm): Symbol R1 [R]
[lib_symbol_mismatch]: Symbol 'LED' doesn't match copy in library 'Device'
    ; warning
    @(237.49 mm, 52.07 mm): Symbol LED1 [LED]
[lib_symbol_mismatch]: Symbol 'MountingHole_Pad' doesn't match copy in library 'Mechanical'
    ; warning
    @(255.27 mm, 151.765 mm): Symbol H3 [MountingHole_Pad]
[endpoint_off_grid]: Symbol pin or wire end off connection grid
    ; warning
    @(255.27 mm, 154.305 mm): Symbol H3 Pin 1 [1, Input, Line]

 ** ERC messages: 75  Errors 1  Warnings 74

 ** Ignored checks:
    - Global label only appears once in the schematic
    - Four connection points are joined together
    - SPICE model issue
    - Assigned footprint doesn't match footprint filters
